ASxxxx Linker V03.00 + NoICE + sdld,  page 1.
Hexadecimal  [32-Bits]

Area                                    Addr        Size        Decimal Bytes (Attributes)
--------------------------------        ----        ----        ------- ----- ------------
.  .ABS.                            00000000    00000000 =           0. bytes (ABS,CON)

      Value  Global                              Global Defined In Module
      -----  --------------------------------   ------------------------
     00000000  .__.ABS.                           
     00000000  l_CABS                          
     00000000  l_DABS                          
     00000000  l_INITIALIZED                   
     00000000  l_INITIALIZER                   
     00000000  l__CODE                         
     00000000  s_CABS                          
     00000000  s_DABS                          
     00000000  s__CODE                         
     00000001  l_SSEG                          
     00000001  s_DATA                          
     00000003  l_GSFINAL                       
     00000017  l_DATA                          
     00000018  s_INITIALIZED                   
     00000018  s_SSEG                          
     0000001A  l_GSINIT                        
     00000083  l_HOME                          
     00000AE5  l_CODE                          
     00008000  s_HOME                          
     00008083  s_GSINIT                        
     0000809D  s_GSFINAL                       
     000080A0  s_CODE                          
     00008B85  s_INITIALIZER                   

ASxxxx Linker V03.00 + NoICE + sdld,  page 2.
Hexadecimal  [32-Bits]

Area                                    Addr        Size        Decimal Bytes (Attributes)
--------------------------------        ----        ----        ------- ----- ------------
DATA                                00000001    00000017 =          23. bytes (REL,CON)

      Value  Global                              Global Defined In Module
      -----  --------------------------------   ------------------------
     00000001  _tick                              main
     00000007  _timeGet                           timerTick
     00000009  _timeBack                          timerTick
     0000000B  _timeTickMs                        timerTick
     0000000F  _timeTickUs                        timerTick
     00000010  _tm1638                            tm1638
ASxxxx Linker V03.00 + NoICE + sdld,  page 3.
Hexadecimal  [32-Bits]

Area                                    Addr        Size        Decimal Bytes (Attributes)
--------------------------------        ----        ----        ------- ----- ------------
SSEG                                00000018    00000001 =           1. bytes (REL,CON)

      Value  Global                              Global Defined In Module
      -----  --------------------------------   ------------------------
ASxxxx Linker V03.00 + NoICE + sdld,  page 4.
Hexadecimal  [32-Bits]

Area                                    Addr        Size        Decimal Bytes (Attributes)
--------------------------------        ----        ----        ------- ----- ------------
HOME                                00008000    00000083 =         131. bytes (REL,CON)

      Value  Global                              Global Defined In Module
      -----  --------------------------------   ------------------------
ASxxxx Linker V03.00 + NoICE + sdld,  page 5.
Hexadecimal  [32-Bits]

Area                                    Addr        Size        Decimal Bytes (Attributes)
--------------------------------        ----        ----        ------- ----- ------------
GSINIT                              00008083    0000001A =          26. bytes (REL,CON)

      Value  Global                              Global Defined In Module
      -----  --------------------------------   ------------------------
ASxxxx Linker V03.00 + NoICE + sdld,  page 6.
Hexadecimal  [32-Bits]

Area                                    Addr        Size        Decimal Bytes (Attributes)
--------------------------------        ----        ----        ------- ----- ------------
GSFINAL                             0000809D    00000003 =           3. bytes (REL,CON)

      Value  Global                              Global Defined In Module
      -----  --------------------------------   ------------------------
ASxxxx Linker V03.00 + NoICE + sdld,  page 7.
Hexadecimal  [32-Bits]

Area                                    Addr        Size        Decimal Bytes (Attributes)
--------------------------------        ----        ----        ------- ----- ------------
CODE                                000080A0    00000AE5 =        2789. bytes (REL,CON)

      Value  Global                              Global Defined In Module
      -----  --------------------------------   ------------------------
     000080A0  _clock_setup                       main
     00008120  _TIM4_UPD_OVF_IRQHandler           main
     0000812B  _delay                             main
     00008137  _main                              main
     00008210  _TIMER_Init                        timerTick
     00008243  _TIMER_Inc                         timerTick
     0000826F  _TIMER_InitTime                    timerTick
     0000827F  _TIMER_CheckTimeUS                 timerTick
     000082C6  _TIMER_CheckTimeMS                 timerTick
     0000833C  _TM1638_Init                       tm1638
     000084ED  _sendChar                          tm1638
     00008504  _configDisplay                     tm1638
     00008571  _setDisplayDigit                   tm1638
     0000858A  _clearDisplayDigit                 tm1638
     00008598  _setDisplay                        tm1638
     000085B8  _clearDisplay                      tm1638
     000085CC  _displayNumber                     tm1638
     000085DF  _setLed                            tm1638
     000085EE  _getKey                            tm1638
     00008653  _NUMBER_FONT                       tm1638
     00008663  _ERROR_DATA                        tm1638
     0000866B  _CLK_DeInit                        stm8s_clk
     000086A3  _CLK_FastHaltWakeUpCmd             stm8s_clk
     000086B7  _CLK_HSECmd                        stm8s_clk
     000086C5  _CLK_HSICmd                        stm8s_clk
     000086D3  _CLK_LSICmd                        stm8s_clk
     000086E7  _CLK_CCOCmd                        stm8s_clk
     000086F5  _CLK_ClockSwitchCmd                stm8s_clk
     00008709  _CLK_SlowActiveHaltWakeUpCmd       stm8s_clk
     0000871D  _CLK_PeripheralClockConfig         stm8s_clk
     00008773  _CLK_ClockSwitchConfig             stm8s_clk
     00008838  _CLK_HSIPrescalerConfig            stm8s_clk
     0000884A  _CLK_CCOConfig                     stm8s_clk
     00008860  _CLK_ITConfig                      stm8s_clk
     000088AF  _CLK_SYSCLKConfig                  stm8s_clk
     000088E6  _CLK_SWIMConfig                    stm8s_clk
     000088F4  _CLK_ClockSecuritySystemEnable     stm8s_clk
     000088F9  _CLK_GetSYSCLKSource               stm8s_clk
     000088FE  _CLK_GetClockFreq                  stm8s_clk
     00008957  _CLK_AdjustHSICalibrationValue     stm8s_clk
     00008964  _CLK_SYSCLKEmergencyClear          stm8s_clk
     00008969  _CLK_GetFlagStatus                 stm8s_clk
     000089B1  _CLK_GetITStatus                   stm8s_clk
     000089D5  _CLK_ClearITPendingBit             stm8s_clk
     000089EB  _HSIDivFactor                      stm8s_clk
     000089EF  _CLKPrescTable                     stm8s_clk
     000089F7  _GPIO_Init                         stm8s_gpio
     00008A85  _GPIO_Write                        stm8s_gpio
     00008A8B  _GPIO_WriteHigh                    stm8s_gpio
     00008A92  _GPIO_WriteLow                     stm8s_gpio
ASxxxx Linker V03.00 + NoICE + sdld,  page 8.
Hexadecimal  [32-Bits]

Area                                    Addr        Size        Decimal Bytes (Attributes)
--------------------------------        ----        ----        ------- ----- ------------
CODE                                000080A0    00000AE5 =        2789. bytes (REL,CON)

      Value  Global                              Global Defined In Module
      -----  --------------------------------   ------------------------
     00008AA0  _GPIO_WriteReverse                 stm8s_gpio
     00008AA7  _GPIO_ReadOutputData               stm8s_gpio
     00008AAB  _GPIO_ReadInputData                stm8s_gpio
     00008AB0  _GPIO_ReadInputPin                 stm8s_gpio
     00008AB7  _GPIO_ExternalPullUpConfig         stm8s_gpio
     00008AD2  _TIM4_DeInit                       stm8s_tim4
     00008AEB  _TIM4_TimeBaseInit                 stm8s_tim4
     00008AF8  _TIM4_Cmd                          stm8s_tim4
     00008AFD  _TIM4_ITConfig                     stm8s_tim4
     00008B08  _TIM4_GetCounter                   stm8s_tim4
     00008B0D  _TIM4_GetFlagStatus                stm8s_tim4
     00008B1B  _TIM4_ClearFlag                    stm8s_tim4
     00008B23  _TIM4_ClearITPendingBit            stm8s_tim4
     00008B2B  __divulong                         

ASxxxx Linker V03.00 + NoICE + sdld,  page 9.

Files Linked                              [ module(s) ]

build/user/main.rel                       [ main ]
build/user/timerTick.rel                  [ timerTick ]
build/user/tm1638.rel                     [ tm1638 ]
build/lib/stm8s_clk.rel                   [ stm8s_clk ]
build/lib/stm8s_gpio.rel                  [ stm8s_gpio ]
build/lib/stm8s_tim4.rel                  [ stm8s_tim4 ]


Libraries Linked                          [ object file ]

c:\Program Files\SDCC\bin\..\lib\stm8/stm8.lib
                                          [ _divulong.rel ]

ASxxxx Linker V03.00 + NoICE + sdld,  page 10.

User Base Address Definitions

HOME = 0x8000
DATA = 0x0001

